>>> name_to_cookies = {"jane": 3, "jane": 2}
>>> name_to_cookies
{'jane': 2}
>>> name_to_cookies = {"jane": 3, "john": 2}
>>> name_to_cookies
{'jane': 3, 'john': 2}
>>> name_to_cookies["jane"]
3
>>> name_to_cookies["john"]
2
>>> name_to_cookies["bob"]
Traceback (most recent call last):
  File "<stdin>", line 1, in <module>
KeyError: 'bob'
>>> name_to_cookies["jane"] = 10
>>> name_to_cookies["jane"]
10
>>> name_to_cookies
{'jane': 10, 'john': 2}
>>>